// Jest Snapshot v1, https://goo.gl/fbAQLP

exports[`pruebas en GifItem debe hacer match con el snapshot del componente 1`] = `
<div>
  <div
    class="card"
  >
    <img
      alt="Saitama"
      src="https://google.com.co/img.png"
    />
    <p>
      Saitama
    </p>
  </div>
</div>
`;
